Invalid start of grapheme sequence:M=0xbc7
Normalization failed for string 'இது இந்திய விவசாயிகளு க்கு மிகப்பெரிய பேரழிவை ஏற்படுத்தும். தேசிய அளவில் ேலைநிறுத்தம் அதே போன்று'
Invalid start of grapheme sequence:M=0xbbe
Normalization failed for string 'முல்லா ஒரு செய்தியினைச் சொல்லுகிறாார் என்றால் உண்மையிலேயே அது நல்ல செய்தியாகத் தான் இருக்கும் என்ற'
Invalid start of grapheme sequence:M=0xbbe
Normalization failed for string 'நேருவின் தலைமையுரை யிலும் காங்கிரஸ் ாநாட்டின் தீர்மானங்களி லும் எதிரொலித்தன. அதே நகரில் மற்றொரு முக்கிய'
Invalid start of grapheme sequence:M=0xbbe
Invalid start of grapheme sequence:H=0xbcd
Normalization failed for string 'உள்ளாட்சி தோ்தலில் வெற்றி பெற்று பதவி வகித்த தலைவா், துணைத் தலைவா், வாா்டு உறுப்பினா்கள் பதவிக்'
Invalid start of grapheme sequence:M=0xbbe
Normalization failed for string 'மகாதம்பன்! என்னிடமா விளைாயடுகிறாய்?'
Invalid start of grapheme sequence:M=0xbbe
Normalization failed for string 'துண்டுவிட்டுப் புறப்பட்ட அவர்கள் நெடுந்துாரம் சென்ற பிறகு, ஆஷாடபூதி தன் தலையில் கிடந்த ஒரு துரும்பைக்'
Invalid start of grapheme sequence:M=0xbbe
Invalid start of grapheme sequence:H=0xbcd
Normalization failed for string 'அருகே வீராா்பட்டி ஊராட்சிக்கு உள்பட்ட பொம்மையாபுரத்தில் சிவகாசியைச் சோ்ந்த பாலாஜி என்பவருக்குச் சொந்தமான பட்டாசு ஆலை'
Invalid start of grapheme sequence:H=0xbcd
Normalization failed for string 'இந்த தேர்வு முடிவில் 24 பேர் 100 மதிப்பெண்கள் பெற்றுள் ்ளனர். போலியான ஆவணங்கள் உட்பட'
Invalid start of grapheme sequence:M=0xbbe
Normalization failed for string 'செய்யப்படுகிறது என்பதுான் விசித்திரம். தேசிய அளவில் மதச்சார்பற்ற சக்திகளை சிறுமைப்படுத்த பாஜகவின் கையில் காங்கிரஸ் அளிக்கும்'
Two grapheme links in a row:0xbcd 0xbcd
Invalid start of grapheme sequence:H=0xbcd
Normalization failed for string 'ஒப்புக்கொண்டுள் ளது. இதுதொடர்பாக குஜராத் மாநில சட்ட மன்றத்தில் எழுப்பப் பட்ட கேள்விக்கு அரசு அளித்்துள்ள'
Invalid start of grapheme sequence:M=0xbbe
Normalization failed for string 'செய்யப்படுகிறது என்பதுான் விசித்திரம்.'
Invalid start of grapheme sequence:M=0xbbe
Invalid start of grapheme sequence:H=0xbcd
Normalization failed for string 'க்கள் கையொப்ப மிட்ட கூட்டுத் தீா்மானம் ஒன்றிய தகவல் தொழில்நுட்பத் துறை அமைச்சர் அஸ்வினி வைஷ்ண'
Invalid start of grapheme sequence:M=0xbbe
Invalid start of grapheme sequence:H=0xbcd
Normalization failed for string 'எம்.பி.க்கள் கையொப்ப மிட்ட கூட்டுத் தீா்மானம் ஒன்றிய தகவல் தொழில்நுட்பத் துறை அமைச்சர் அஸ்வினி வைஷ்ண'
Invalid start of grapheme sequence:M=0xbbe
Normalization failed for string 'என்று துணிச்சலுடன் கூறினான். "யாரடா நீ? நான் மந்திரவாதி மகாதம்பன்! என்னிடமா விளைாயடுகிறாய்? உன்னை என்ன'
Invalid start of grapheme sequence:M=0xbbe
Normalization failed for string 'இரண்டு நாட்கள் கழித்து முல்லா ஒரு பாத்திரத்தை மட்டும் எடுத்துக் கொண்டு அண்டை வீட்டுக்காாரிடம் சென்றார்."'
Invalid start of grapheme sequence:H=0xbcd
Normalization failed for string 'அலர்ட்கோழிக்கோடு கேரளத்தில் தென்மேற்குப் பருவமழை முன் ்கூட்டியே தொடங்கி, கடந்த நாட்களாக அங்கு கனமழை வெளுத்து'
Invalid start of grapheme sequence:M=0xbbe
Invalid start of grapheme sequence:H=0xbcd
Normalization failed for string 'இதற்கு, பல்வேறு தகவல் உரிமை ஆர்வல்ர்கள் எதிா்ப்பு தெரி வித்துள்ளனர். பொது நலனையோ அல்லது வேறு'
Invalid start of grapheme sequence:H=0xbcd
Normalization failed for string '்போது பட்ஜெட் கூட்டத் தொடர் நடைபெற்று வருகிறது. மரா ட்டிய அரசர் சம்பாஜி யின் வாழ்க்கை'
Invalid start of grapheme sequence:M=0xbbe
Normalization failed for string 'விருந் துண்டுவிட்டுப் புறப்பட்ட அவர்கள் நெடுந்துாரம் சென்ற பிறகு, ஆஷாடபூதி தன் தலையில் கிடந்த ஒரு'
Invalid start of grapheme sequence:M=0xbca
Normalization failed for string 'மூன்று முக்கிய வேளாண் சட்டங்கள் திரும்பப் பெறப்பட்ட பின்னரே முடி வுக்கு வந்தது. தாராளமயக் ொள்கைகளின்'
Invalid start of grapheme sequence:M=0xbbe
Invalid start of grapheme sequence:H=0xbcd
Normalization failed for string 'நிலையில், ஆலையின் உரிமையாளர் சசிபாலனை காவல் துறையினர் கைது செய்துள்ளனர். விருதுநகா் அருகே வீராா்பட்டி ஊராட்சிக்கு'
Invalid start of grapheme sequence:M=0xbbe
Normalization failed for string 'வந்தார். இரண்டு நாட்கள் கழித்து முல்லா ஒரு பாத்திரத்தை மட்டும் எடுத்துக் கொண்டு அண்டை வீட்டுக்காாரிடம்'
Invalid start of grapheme sequence:H=0xbcd
Normalization failed for string 'குறிப்பிட்டனர். வடகிழக்கு மாநிலங்களில் ஒன் ்றான மணிப்பூர் பாஜகவின் இழிவான வகுப்புவாத அரசிய லால் கடந்த'
Invalid start of grapheme sequence:M=0xbbe
Invalid start of grapheme sequence:H=0xbcd
Normalization failed for string 'சுரண்டல் மற்றும் சமூக ஒடுக்குமுறைகளுக்கு எதிரான போராட்டங்களில் உயிா்த் தியாகம் உள்பட பல்வேறு தியாகங்களைச் செய்த'
Invalid start of grapheme sequence:H=0xbcd
Normalization failed for string 'தனி குடி யிருப்பு உரிமையும் அடங்கும். எனவே, கணவர் மூலம் பாலியல் வன் ்புணர்வு மேற்கொள்ளப்பட்டாலும்'
Invalid start of grapheme sequence:M=0xbbe
Invalid start of grapheme sequence:H=0xbcd
Normalization failed for string 'பல்வேறு தகவல் உரிமை ஆர்வல்ர்கள் எதிா்ப்பு தெரிவித்துள்ளனர்.'
Invalid start of grapheme sequence:M=0xbbe
Invalid start of grapheme sequence:H=0xbcd
Normalization failed for string 'உயிா்த் தியாகம் உள்பட பல்வேறு தியாகங்களைச் செய்த வர்கள் கம்யூனிஸ்டுகள்.'
Invalid start of grapheme sequence:M=0xbbe
Invalid start of grapheme sequence:H=0xbcd
Normalization failed for string 'தோ்தலில் வெற்றி பெற்று பதவி வகித்த தலைவா், துணைத் தலைவா், வாா்டு உறுப்பினா்கள் பதவிக் காலம்'
Invalid start of grapheme sequence:H=0xbcd
Normalization failed for string 'செய்யப்பட்டுள்ளார். உண்மையைப் பேசுவதை இடைநீக்கம் மூலம் கட்டுப் ்படுத்தலாம் என்று சிலர் நினைத்தால், அது அவர்களின்'
Invalid start of grapheme sequence:H=0xbcd
Normalization failed for string '்டும் என சீன வெளியுற வுத்துறை அமைச்ச கம் தெரிவித்துள்ளது. கடந்த பல ஆண் டுகளாக'
Invalid start of grapheme sequence:H=0xbcd
Normalization failed for string 'துரதிர்ஷ்டவசமானது. இதுபோன்ற அரசியலை நாட்டிற்கே ் துரதிர்ஷ்டவசமாக நான் கருதுகிறேன். இது ஜனநாயகத்திற்கு மிகவும் ஆபத்தானது.நாற்றமடிக்கும்'
Invalid start of grapheme sequence:H=0xbcd
Normalization failed for string '்காம் பகுதியில் ஏப்ரல் ஆம் தேதி பயங்கரவாதிகள் நடத்திய துப்பாக்கிச்சூடு தாக்குதலில் சுற்றுலா பயணிகள் உயிரிழந்தனர்.'
Invalid start of grapheme sequence:M=0xbbe
Normalization failed for string 'காங்கிரஸ் ாநாட்டின் தீர்மானங்களிலும் எதிரொலித்தன. அதே நகரில் மற்றொரு முக்கிய மாநாடும் நடைபெற்றது - அகில'
Invalid start of grapheme sequence:H=0xbcd
Normalization failed for string 'என முதல்வர் ஆதித்ய நாத் அறிவித்துள்ளார். திருவனந்தபுரம் ஜனவரி மாதம் முதல் வாரத் ்தில் பல்கலைக்கழக'
Invalid start of grapheme sequence:H=0xbcd
Normalization failed for string 'ஆர். அருண்குமார்இந்தியாவில் நகரமயமாக்கல் வெகுவேகமாக நடந்து வருகிறது. 2011 மக்கள் தொகை கணக் ்கெடுப்பின் படி,'
Invalid start of grapheme sequence:H=0xbcd
Normalization failed for string 'பிற்படுத்தப்பட்டோர் - தலித்துகள் - சிறுபான்மையினர் இணைந்த எங்கள் அரசை நாங்கள் இல் அமைப் ்போம்'
Invalid start of grapheme sequence:M=0xbc7
Normalization failed for string 'இந்திய விவசாயிகளு க்கு மிகப்பெரிய பேரழிவை ஏற்படுத்தும். தேசிய அளவில் ேலைநிறுத்தம் அதே போன்று நாட்டைக்'
Invalid start of grapheme sequence:M=0xbbe
Normalization failed for string 'எடுத்துக் கொண்டு அண்டை வீட்டுக்காாரிடம் சென்றார். " உங்களிடம் வாங்கிய பாத்திரம் இதோ இருக்கிறது. பெற்றுக்கொள்ளுங்கள்"'
Invalid start of grapheme sequence:H=0xbcd
Normalization failed for string 'பாகுபாடுகளின்றி நாலம்பலத்துக்குள் நுழைய அனைத்து சாதியினருக்கும் அனுமதிகாசர்கோடு கேரள மாநிலம் காசர்கோடு மாவட்டத்தின் பிலிகுளத் ்தில்'
Invalid start of grapheme sequence:M=0xbbe
Normalization failed for string 'சிறு கதை எழுதுக. வார்த்தைகள்: முல்லா, நகரம், மக்கள், விடுதி, சந்தேகப் பிராாணி, கருப்புத் துணி'
Invalid start of grapheme sequence:H=0xbcd
Normalization failed for string 'மதிப்பெண்கள் பெற்றுள் ்ளனர். போலியான ஆவணங்கள் உட்பட நியாயமற்ற வழிகளைப் பயன்படுத்தியதாகக் கண்டறியப்பட்ட தேர்வர்களின் முடிவுகள்'
Invalid start of grapheme sequence:H=0xbcd
Normalization failed for string '்தில் உள்ளது ராயர மங்கலம் பகவதி கோவில். இந்த கோவி லின் நாலம்பலத்துக்குள் (கரு வறைக்குள்)'
Invalid start of grapheme sequence:H=0xbcd
Normalization failed for string 'பணியாற்றினார் என் ்பதை நினைவுகூர்ந்தார்.'
Invalid start of grapheme sequence:H=0xbcd
Normalization failed for string '- ஆர்.அருண்குமார்இந்தியாவில் நகரமயமாக்கல் வெகுவேகமாக நடந்து வருகிறது. மக்கள் தொகை கணக் ்கெடுப்பின் படி, தேசிய'
Invalid start of grapheme sequence:H=0xbcd
Normalization failed for string 'எதிர்ப்புவக்பு திருத்த சட்டம் தொடர்பாக முர்ஷிதாபாத் மற்றும் அதனைச் சுற்றியுள்ள மாவட்டங் ்களில் ஏப்ரல் ஆம்'
Invalid start of grapheme sequence:H=0xbcd
Normalization failed for string 'அளவிற்கு சிறப்பாக சீத்தாராம் யெச்சூரி பணியாற்றினார் என் ்பதை நினைவுகூர்ந்தார்.'
Invalid start of grapheme sequence:H=0xbcd
Normalization failed for string 'குன்றத் ்திலே குமரனுக்கு கொண்டாட்டம் என்ற பாடல் வரி களைக் கேட்டவுடன் தலை தானாக தாளம்'
Invalid start of grapheme sequence:H=0xbcd
Normalization failed for string 'உறவுகளை நீண்ட கால கண் ணோட்டத்தில் கையாள வேண் ்டும் என சீன வெளியுற வுத்துறை'
Invalid start of grapheme sequence:M=0xbbe
Normalization failed for string 'பீர்பாால்! உனக்கு துப்பறியும் வேலை கூடத் தெரியும் என்று எனக்கு இதுநாள்வரை தெரியாதே!" என்று பாராட்டிய'
Two grapheme links in a row:0xbcd 0xbcd
Invalid start of grapheme sequence:H=0xbcd
Normalization failed for string 'போராட்டம் நடத்தினர்.மாநிலங்களவை தலைவர் ஜகதீப் தன்கரை நீக்குவதற்கான தீர்மானம் மிகவும்்வருத்தம் அளிக்கக்கூடியதாக உள்ளது என ஒன்றிய'
Invalid start of grapheme sequence:M=0xbca
Normalization failed for string 'முக்கிய வேளாண் சட்டங்கள் திரும்பப் பெறப்பட்ட பின்னரே முடி வுக்கு வந்தது.தாராளமயக் ொள்கைகளின் பின்விளைவுகள்அரசின் பங்களிப்பு'
Invalid start of grapheme sequence:M=0xbbe
Normalization failed for string 'பீர்பால்தான் அவருக்கு உதவினார் என்பதைக் கூறினார்.அட! பீர்பாால்! உனக்கு துப்பறியும் வேலை கூடத் தெரியும் என்று'
Invalid start of grapheme sequence:H=0xbcd
Normalization failed for string 'என்று உச்சநீதிமன்ற நீதிபதிகள் குறிப்பிட்டனர்.வடகிழக்கு மாநிலங்களில் ஒன் ்றான மணிப்பூர் பாஜகவின் இழிவான வகுப்புவாத அரசிய'
Invalid start of grapheme sequence:H=0xbcd
Normalization failed for string '்தில் பல்கலைக்கழக மானி யக் (யுஜிசி) குழுவின் புதிய வரைவு விதி வெளியானது. அதில், பல்கலைக்கழக'
Invalid start of grapheme sequence:M=0xbbe
Normalization failed for string 'கழித்து முல்லா ஒரு பாத்திரத்தை மட்டும் எடுத்துக் கொண்டு அண்டை வீட்டுக்காாரிடம் சென்றார். உங்களிடம் வாங்கிய'

